Analyzing waygo_app...                                          

   info - Don't use 'BuildContext's across async gaps - lib\screens\create_trip_screen.dart:85:28 - use_build_context_synchronously
warning - Unused import: 'package:flutter_animate/flutter_animate.dart' - lib\screens\explore_screen.dart:2:8 - unused_import
warning - Unused import: '../widgets/glass_container.dart' - lib\screens\explore_screen.dart:4:8 - unused_import
warning - The declaration '_StickyDaySelectorDelegate' isn't referenced - lib\screens\itinerary_screen.dart:566:7 - unused_element
   info - Don't use 'BuildContext's across async gaps - lib\screens\memory_vault_screen.dart:103:30 - use_build_context_synchronously
warning - Unused import: 'package:flutter_animate/flutter_animate.dart' - lib\screens\saved_trips_screen.dart:2:8 - unused_import

