00:00 +0: loading D:/SGP/waygo_app/test/widget_test.dart
flutter : lib/screens/dashboard_screen.dart:324:7: Error: 
Expected ';' after this.
At line:1 char:1
+ flutter test > test_output.txt 2>&1
+ ~~~~~~~~~~~~~~~~~~~~~~~~~~~~~~~~~~~
    + CategoryInfo          : NotSpecified: (lib/screens/das... 
   ';' after this.:String) [], RemoteException
    + FullyQualifiedErrorId : NativeCommandError
 
      ),
      ^
lib/screens/dashboard_screen.dart:324:8: Error: Expected an 
identifier, but got ','.
Try inserting an identifier before ','.
      ),
       ^
lib/screens/dashboard_screen.dart:324:8: Error: Unexpected 
token ';'.
      ),
       ^
lib/screens/dashboard_screen.dart:358:7: Error: Expected ';' 
after this.
      ),
      ^
lib/screens/dashboard_screen.dart:358:8: Error: Expected an 
identifier, but got ','.
Try inserting an identifier before ','.
      ),
       ^
lib/screens/dashboard_screen.dart:358:8: Error: Unexpected 
token ';'.
      ),
       ^
lib/screens/dashboard_screen.dart:359:5: Error: Expected an 
identifier, but got ')'.
Try inserting an identifier before ')'.
    );
    ^
lib/screens/dashboard_screen.dart:358:8: Error: Expected ';' 
after this.
      ),
       ^
lib/screens/dashboard_screen.dart:359:5: Error: Unexpected 
token ';'.
    );
    ^
lib/screens/dashboard_screen.dart:505:25: Error: No named 
parameter with the name 'backdropFilter'.
                        backdropFilter:
                        ^^^^^^^^^^^^^^
/C:/src/flutter/packages/flutter/lib/src/painting/box_decoration
.dart:93:9: Context: Found this candidate, but the arguments 
don't match.
  const BoxDecoration({
        ^^^^^^^^^^^^^
00:00 +0 -1: loading D:/SGP/waygo_app/test/widget_test.dart [E]
  Failed to load "D:/SGP/waygo_app/test/widget_test.dart":
  Compilation failed for testPath=D:/SGP/waygo_app/test/widget_test.dart: lib/screens/dashboard_screen.dart:324:7: Error: Expected ';' after this.
        ),
        ^
  lib/screens/dashboard_screen.dart:324:8: Error: Expected an identifier, but got ','.
  Try inserting an identifier before ','.
        ),
         ^
  lib/screens/dashboard_screen.dart:324:8: Error: Unexpected token ';'.
        ),
         ^
  lib/screens/dashboard_screen.dart:358:7: Error: Expected ';' after this.
        ),
        ^
  lib/screens/dashboard_screen.dart:358:8: Error: Expected an identifier, but got ','.
  Try inserting an identifier before ','.
        ),
         ^
  lib/screens/dashboard_screen.dart:358:8: Error: Unexpected token ';'.
        ),
         ^
  lib/screens/dashboard_screen.dart:359:5: Error: Expected an identifier, but got ')'.
  Try inserting an identifier before ')'.
      );
      ^
  lib/screens/dashboard_screen.dart:358:8: Error: Expected ';' after this.
        ),
         ^
  lib/screens/dashboard_screen.dart:359:5: Error: Unexpected token ';'.
      );
      ^
  lib/screens/dashboard_screen.dart:505:25: Error: No named parameter with the name 'backdropFilter'.
                          backdropFilter:
                          ^^^^^^^^^^^^^^
  /C:/src/flutter/packages/flutter/lib/src/painting/box_decoration.dart:93:9: Context: Found this candidate, but the arguments don't match.
    const BoxDecoration({
          ^^^^^^^^^^^^^
  .
00:00 +0 -1: Some tests failed.
